// Jest Snapshot v1, https://goo.gl/fbAQLP

exports[`Device context defualt props 1`] = `
<ContextProvider
  value={
    Object {
      "isMobile": [Function],
      "toggle": [Function],
    }
  }
>
  <Wrapper />
</ContextProvider>
`;

exports[`Device context methods 1`] = `
<div>
  hello
</div>
`;

exports[`Device context render consumer 1`] = `
<ContextConsumer>
  <Component />
</ContextConsumer>
`;

exports[`Device context render provider 1`] = `
<ContextProvider
  value={
    Object {
      "isMobile": [Function],
      "toggle": [Function],
    }
  }
>
  <Wrapper />
</ContextProvider>
`;
