// Jest Snapshot v1, https://goo.gl/fbAQLP

exports[`Device context defualt props 1`] = `
<ContextProvider
  value={
    Object {
      "browser": "",
      "engine": "Webkit",
      "isMobile": [Function],
      "os": "Windows",
      "toggle": [Function],
      "type": "Desktop",
      "userAgent": "Mozilla/5.0 (darwin) AppleWebKit/537.36 (KHTML, like Gecko) jsdom/11.12.0",
      "version": "5.0",
    }
  }
>
  <Wrapper />
</ContextProvider>
`;

exports[`Device context methods 1`] = `
<div>
  hello
</div>
`;

exports[`Device context render consumer 1`] = `
<ContextConsumer>
  <Component />
</ContextConsumer>
`;

exports[`Device context render provider 1`] = `
<ContextProvider
  value={
    Object {
      "browser": "",
      "engine": "Webkit",
      "isMobile": [Function],
      "os": "Windows",
      "toggle": [Function],
      "type": "Desktop",
      "userAgent": "Mozilla/5.0 (darwin) AppleWebKit/537.36 (KHTML, like Gecko) jsdom/11.12.0",
      "version": "5.0",
    }
  }
>
  <Wrapper />
</ContextProvider>
`;
