// Jest Snapshot v1, https://goo.gl/fbAQLP

exports[`renders array of Components 0 1`] = `
<StaticRouter
  basename=""
  context={Object {}}
  location="/"
>
  <Router
    history={
      Object {
        "action": "POP",
        "block": [Function],
        "createHref": [Function],
        "go": [Function],
        "goBack": [Function],
        "goForward": [Function],
        "listen": [Function],
        "location": Object {
          "hash": "",
          "pathname": "/",
          "search": "",
          "state": undefined,
        },
        "push": [Function],
        "replace": [Function],
      }
    }
  >
    <LoadableComponent>
      <Loading
        error={null}
        isLoading={true}
        pastDelay={false}
        retry={[Function]}
        timedOut={false}
      />
    </LoadableComponent>
  </Router>
</StaticRouter>
`;

exports[`renders array of Components 1 1`] = `
<StaticRouter
  basename=""
  context={Object {}}
  location="/"
>
  <Router
    history={
      Object {
        "action": "POP",
        "block": [Function],
        "createHref": [Function],
        "go": [Function],
        "goBack": [Function],
        "goForward": [Function],
        "listen": [Function],
        "location": Object {
          "hash": "",
          "pathname": "/",
          "search": "",
          "state": undefined,
        },
        "push": [Function],
        "replace": [Function],
      }
    }
  >
    <LoadableComponent>
      <Loading
        error={null}
        isLoading={true}
        pastDelay={false}
        retry={[Function]}
        timedOut={false}
      />
    </LoadableComponent>
  </Router>
</StaticRouter>
`;
