// Jest Snapshot v1, https://goo.gl/fbAQLP

exports[`List render 1`] = `
<div>
  <_default />
</div>
`;

exports[`List render with data 1`] = `
<div>
  <div
    key="asd"
  >
    <div>
      <span>
        name:
      </span>
      asd
    </div>
  </div>
  <div
    key="asd"
  >
    <div>
      <span>
        name:
      </span>
      asd
    </div>
  </div>
</div>
`;
