// Jest Snapshot v1, https://goo.gl/fbAQLP

exports[`_default render 1`] = `<Component />`;

exports[`_default render loading with error 1`] = `
<div>
  <div>
    Error!
  </div>
  <button
    onClick={[Function]}
    type="button"
  >
    Retry
  </button>
</div>
`;

exports[`_default render loading with pastDelay 1`] = `
<div>
  <div>
    Error!
  </div>
  <button
    onClick={[Function]}
    type="button"
  >
    Retry
  </button>
</div>
`;

exports[`_default render loading with retry 1`] = `
<div>
  <div>
    Error!
  </div>
  <button
    onClick={[Function]}
    type="button"
  >
    Retry
  </button>
</div>
`;

exports[`_default render loading with timeOut 1`] = `
<div>
  <div>
    Error!
  </div>
  <button
    onClick={[Function]}
    type="button"
  >
    Retry
  </button>
</div>
`;
