// Jest Snapshot v1, https://goo.gl/fbAQLP

exports[`CustomerService render CustomerService 1`] = `
<div
  className="customerServiceContainer"
>
  <h1
    className="customerServiceHeader"
  >
    24/7 Customer Service (DESKTOP)
  </h1>
  <p>
    Our ravely-reviewed Customer Service team of non-commissioned diamond and jewelry experts is here for you 24/7.
  </p>
  <div>
    <div
      className="row itemContainer"
      key="Call Us"
    >
      <div
        className="col-xs-1"
      >
        icon
      </div>
      <div
        className="col-xs-11"
      >
        <div>
          Call Us
        </div>
        <div>
          USA: 877 826 9866, outside USA: +1 301 631 1414
        </div>
      </div>
    </div>
    <div
      className="row itemContainer"
      key="Chat Now"
    >
      <div
        className="col-xs-1"
      >
        icon
      </div>
      <div
        className="col-xs-11"
      >
        <div>
          Chat Now
        </div>
        <div>
          Get instant answers to your questions
        </div>
      </div>
    </div>
    <div
      className="row itemContainer"
      key="Email Us"
    >
      <div
        className="col-xs-1"
      >
        icon
      </div>
      <div
        className="col-xs-11"
      >
        <div
          className="headerItem"
        >
          <a
            ajaxmode="disabled"
            href="mailto:social@jamesallen.com"
          >
            Email Us
          </a>
        </div>
        <div>
          All questions will be answered within two business days.
        </div>
      </div>
    </div>
    <div
      className="row itemContainer"
      key="Real-Time Diamond Inspection"
    >
      <div
        className="col-xs-1"
      >
        icon
      </div>
      <div
        className="col-xs-11"
      >
        <div
          className="headerItem"
        >
          <Link
            replace={false}
            to="/diamond-consultation"
          >
            Real-Time Diamond Inspection
          </Link>
        </div>
        <div>
          We offer an interactive Real-time Diamond Inspection service, the first of its kind in the industry. Our experts will share their screen with you, and walk you through the attributes of your favorite diamonds in Super Zoom magnification. Ask questions, mark points of interest on the diamond itself, and review everything from the specs to the grading certificate together.
        </div>
      </div>
    </div>
    <div
      className="row itemContainer"
      key="Send a Message"
    >
      <div
        className="col-xs-1"
      >
        icon
      </div>
      <div
        className="col-xs-11"
      >
        <div>
          Send a Message
        </div>
        <div>
          All questions will be answered within two business days
        </div>
      </div>
    </div>
  </div>
  <div
    className="row"
  >
    <GuaranteeForm
      className="col-xs-11"
    />
  </div>
</div>
`;
